<div contenteditable="true" data-cke-editor-id="ProgramPageContent" id="EditorForProgramPageContent">
Some html text
</div>