table	column	FK_NAME
AgreementProject	ProjectID	FK_AgreementProject_Project_ProjectID
InteractionEventProject	ProjectID	FK_InteractionEventProject_Project_ProjectID
InvoicePaymentRequest	ProjectID	FK_InvoicePaymentRequest_Project_ProjectID
NotificationProject	ProjectID	FK_NotificationProject_Project_ProjectID
ProgramNotificationSentProject	ProjectID	FK_ProgramNotificationSentProject_Project_ProjectID
ProjectClassification	ProjectID	FK_ProjectClassification_Project_ProjectID
ProjectCounty	ProjectID	FK_ProjectCounty_Project_ProjectID
ProjectDocument	ProjectID	FK_ProjectDocument_Project_ProjectID
ProjectExemptReportingYear	ProjectID	FK_ProjectExemptReportingYear_Project_ProjectID
ProjectExternalLink	ProjectID	FK_ProjectExternalLink_Project_ProjectID
ProjectFundingSource	ProjectID	FK_ProjectFundingSource_Project_ProjectID
ProjectGrantAllocationExpenditure	ProjectID	FK_ProjectGrantAllocationExpenditure_Project_ProjectID
ProjectGrantAllocationRequest	ProjectID	FK_ProjectGrantAllocationRequest_Project_ProjectID
ProjectImage	ProjectID	FK_ProjectImage_Project_ProjectID
ProjectImportBlockList	ProjectID	FK_ProjectImportBlockList_Project_ProjectID
ProjectInternalNote	ProjectID	FK_ProjectInternalNote_Project_ProjectID
ProjectLocation	ProjectID	FK_ProjectLocation_Project_ProjectID
ProjectLocationStaging	ProjectID	FK_ProjectLocationStaging_Project_ProjectID
ProjectNote	ProjectID	FK_ProjectNote_Project_ProjectID
ProjectOrganization	ProjectID	FK_ProjectOrganization_Project_ProjectID
ProjectPerson	ProjectID	FK_ProjectPerson_Project_ProjectID
ProjectPriorityLandscape	ProjectID	FK_ProjectPriorityLandscape_Project_ProjectID
ProjectProgram	ProjectID	FK_ProjectProgram_Project_ProjectID
ProjectRegion	ProjectID	FK_ProjectRegion_Project_ProjectID
ProjectTag	ProjectID	FK_ProjectTag_Project_ProjectID
ProjectUpdateBatch	ProjectID	FK_ProjectUpdateBatch_Project_ProjectID
Treatment	ProjectID	FK_Treatment_Project_ProjectID