table	column	FK_NAME
PerformanceMeasureActualUpdate	ProjectUpdateBatchID	FK_PerformanceMeasureActualUpdate_ProjectUpdateBatch_ProjectUpdateBatchID
ProjectCountyUpdate	ProjectUpdateBatchID	FK_ProjectCountyUpdate_ProjectUpdateBatch_ProjectUpdateBatchID
ProjectCustomAttributeUpdate	ProjectUpdateBatchID	FK_ProjectCustomAttributeUpdate_ProjectUpdateBatch_ProjectUpdateBatchID
ProjectDocumentUpdate	ProjectUpdateBatchID	FK_ProjectDocumentUpdate_ProjectUpdateBatch_ProjectUpdateBatchID
ProjectExemptReportingYearUpdate	ProjectUpdateBatchID	FK_ProjectExemptReportingYearUpdate_ProjectUpdateBatch_ProjectUpdateBatchID
ProjectExternalLinkUpdate	ProjectUpdateBatchID	FK_ProjectExternalLinkUpdate_ProjectUpdateBatch_ProjectUpdateBatchID
ProjectFundingSourceUpdate	ProjectUpdateBatchID	FK_ProjectFundingSourceUpdate_ProjectUpdateBatch_ProjectUpdateBatchID
ProjectGrantAllocationExpenditureUpdate	ProjectUpdateBatchID	FK_ProjectGrantAllocationExpenditureUpdate_ProjectUpdateBatch_ProjectUpdateBatchID
ProjectGrantAllocationRequestUpdate	ProjectUpdateBatchID	FK_ProjectGrantAllocationRequestUpdate_ProjectUpdateBatch_ProjectUpdateBatchID
ProjectImageUpdate	ProjectUpdateBatchID	FK_ProjectImageUpdate_ProjectUpdateBatch_ProjectUpdateBatchID
ProjectLocationStagingUpdate	ProjectUpdateBatchID	FK_ProjectLocationStagingUpdate_ProjectUpdateBatch_ProjectUpdateBatchID
ProjectLocationUpdate	ProjectUpdateBatchID	FK_ProjectLocationUpdate_ProjectUpdateBatch_ProjectUpdateBatchID
ProjectNoteUpdate	ProjectUpdateBatchID	FK_ProjectNoteUpdate_ProjectUpdateBatch_ProjectUpdateBatchID
ProjectOrganizationUpdate	ProjectUpdateBatchID	FK_ProjectOrganizationUpdate_ProjectUpdateBatch_ProjectUpdateBatchID
ProjectPersonUpdate	ProjectUpdateBatchID	FK_ProjectPersonUpdate_ProjectUpdateBatch_ProjectUpdateBatchID
ProjectPriorityLandscapeUpdate	ProjectUpdateBatchID	FK_ProjectPriorityLandscapeUpdate_ProjectUpdateBatch_ProjectUpdateBatchID
ProjectRegionUpdate	ProjectUpdateBatchID	FK_ProjectRegionUpdate_ProjectUpdateBatch_ProjectUpdateBatchID
ProjectUpdate	ProjectUpdateBatchID	FK_ProjectUpdate_ProjectUpdateBatch_ProjectUpdateBatchID
ProjectUpdateHistory	ProjectUpdateBatchID	FK_ProjectUpdateHistory_ProjectUpdateBatch_ProjectUpdateBatchID
ProjectUpdateProgram	ProjectUpdateBatchID	FK_ProjectUpdateProgram_ProjectUpdateBatch_ProjectUpdateBatchID
TreatmentUpdate	ProjectUpdateBatchID	FK_TreatmentUpdate_ProjectUpdateBatch_ProjectUpdateBatchID